[2024-08-12T22:11:40.675+0900][gc] Using G1
[2024-08-12T22:11:40.679+0900][gc,init] Version: 17.0.8.1+1 (release)
[2024-08-12T22:11:40.679+0900][gc,init] CPUs: 8 total, 8 available
[2024-08-12T22:11:40.679+0900][gc,init] Memory: 8192M
[2024-08-12T22:11:40.679+0900][gc,init] Large Page Support: Disabled
[2024-08-12T22:11:40.679+0900][gc,init] NUMA Support: Disabled
[2024-08-12T22:11:40.679+0900][gc,init] Compressed Oops: Enabled (Zero based)
[2024-08-12T22:11:40.679+0900][gc,init] Heap Region Size: 1M
[2024-08-12T22:11:40.679+0900][gc,init] Heap Min Capacity: 1G
[2024-08-12T22:11:40.679+0900][gc,init] Heap Initial Capacity: 1G
[2024-08-12T22:11:40.679+0900][gc,init] Heap Max Capacity: 1G
[2024-08-12T22:11:40.679+0900][gc,init] Pre-touch: Disabled
[2024-08-12T22:11:40.679+0900][gc,init] Parallel Workers: 8
[2024-08-12T22:11:40.679+0900][gc,init] Concurrent Workers: 2
[2024-08-12T22:11:40.679+0900][gc,init] Concurrent Refinement Workers: 8
[2024-08-12T22:11:40.679+0900][gc,init] Periodic GC: Disabled
[2024-08-12T22:11:40.683+0900][gc,metaspace] CDS archive(s) mapped at: [0x000000012c000000-0x000000012cbdf000-0x000000012cbdf000), size 12447744, SharedBaseAddress: 0x000000012c000000, ArchiveRelocationMode: 1.
[2024-08-12T22:11:40.683+0900][gc,metaspace] Compressed class space mapped at: 0x000000012d000000-0x000000016d000000, reserved size: 1073741824
[2024-08-12T22:11:40.683+0900][gc,metaspace] Narrow klass base: 0x000000012c000000, Narrow klass shift: 0, Narrow klass range: 0x100000000
[2024-08-12T22:11:42.052+0900][gc,start    ] GC(0) Pause Young (Normal) (G1 Evacuation Pause)
[2024-08-12T22:11:42.052+0900][gc,task     ] GC(0) Using 8 workers of 8 for evacuation
[2024-08-12T22:11:42.062+0900][gc,phases   ] GC(0)   Pre Evacuate Collection Set: 0.2ms
[2024-08-12T22:11:42.062+0900][gc,phases   ] GC(0)   Merge Heap Roots: 0.0ms
[2024-08-12T22:11:42.062+0900][gc,phases   ] GC(0)   Evacuate Collection Set: 9.7ms
[2024-08-12T22:11:42.062+0900][gc,phases   ] GC(0)   Post Evacuate Collection Set: 0.4ms
[2024-08-12T22:11:42.062+0900][gc,phases   ] GC(0)   Other: 0.4ms
[2024-08-12T22:11:42.062+0900][gc,heap     ] GC(0) Eden regions: 51->0(44)
[2024-08-12T22:11:42.062+0900][gc,heap     ] GC(0) Survivor regions: 0->7(7)
[2024-08-12T22:11:42.062+0900][gc,heap     ] GC(0) Old regions: 0->0
[2024-08-12T22:11:42.062+0900][gc,heap     ] GC(0) Archive regions: 2->2
[2024-08-12T22:11:42.062+0900][gc,heap     ] GC(0) Humongous regions: 0->0
[2024-08-12T22:11:42.062+0900][gc,metaspace] GC(0) Metaspace: 18638K(18752K)->18638K(18752K) NonClass: 16375K(16448K)->16375K(16448K) Class: 2263K(2304K)->2263K(2304K)
[2024-08-12T22:11:42.062+0900][gc          ] GC(0) Pause Young (Normal) (G1 Evacuation Pause) 51M->7M(1024M) 10.862ms
[2024-08-12T22:11:42.062+0900][gc,cpu      ] GC(0) User=0.02s Sys=0.01s Real=0.01s
[2024-08-12T22:11:42.252+0900][gc,start    ] GC(1) Pause Young (Concurrent Start) (Metadata GC Threshold)
[2024-08-12T22:11:42.252+0900][gc,task     ] GC(1) Using 8 workers of 8 for evacuation
[2024-08-12T22:11:42.259+0900][gc,phases   ] GC(1)   Pre Evacuate Collection Set: 0.1ms
[2024-08-12T22:11:42.259+0900][gc,phases   ] GC(1)   Merge Heap Roots: 0.1ms
[2024-08-12T22:11:42.259+0900][gc,phases   ] GC(1)   Evacuate Collection Set: 6.6ms
[2024-08-12T22:11:42.259+0900][gc,phases   ] GC(1)   Post Evacuate Collection Set: 0.3ms
[2024-08-12T22:11:42.259+0900][gc,phases   ] GC(1)   Other: 0.2ms
[2024-08-12T22:11:42.259+0900][gc,heap     ] GC(1) Eden regions: 12->0(49)
[2024-08-12T22:11:42.259+0900][gc,heap     ] GC(1) Survivor regions: 7->2(7)
[2024-08-12T22:11:42.259+0900][gc,heap     ] GC(1) Old regions: 0->8
[2024-08-12T22:11:42.259+0900][gc,heap     ] GC(1) Archive regions: 2->2
[2024-08-12T22:11:42.259+0900][gc,heap     ] GC(1) Humongous regions: 129->129
[2024-08-12T22:11:42.259+0900][gc,metaspace] GC(1) Metaspace: 21272K(21504K)->21272K(21504K) NonClass: 18707K(18816K)->18707K(18816K) Class: 2564K(2688K)->2564K(2688K)
[2024-08-12T22:11:42.259+0900][gc          ] GC(1) Pause Young (Concurrent Start) (Metadata GC Threshold) 148M->138M(1024M) 7.198ms
[2024-08-12T22:11:42.259+0900][gc,cpu      ] GC(1) User=0.02s Sys=0.02s Real=0.00s
[2024-08-12T22:11:42.259+0900][gc          ] GC(2) Concurrent Mark Cycle
[2024-08-12T22:11:42.259+0900][gc,marking  ] GC(2) Concurrent Clear Claimed Marks
[2024-08-12T22:11:42.259+0900][gc,marking  ] GC(2) Concurrent Clear Claimed Marks 0.010ms
[2024-08-12T22:11:42.259+0900][gc,marking  ] GC(2) Concurrent Scan Root Regions
[2024-08-12T22:11:42.262+0900][gc,marking  ] GC(2) Concurrent Scan Root Regions 2.663ms
[2024-08-12T22:11:42.262+0900][gc,marking  ] GC(2) Concurrent Mark
[2024-08-12T22:11:42.262+0900][gc,marking  ] GC(2) Concurrent Mark From Roots
[2024-08-12T22:11:42.262+0900][gc,task     ] GC(2) Using 2 workers of 2 for marking
[2024-08-12T22:11:42.262+0900][gc,marking  ] GC(2) Concurrent Mark From Roots 0.733ms
[2024-08-12T22:11:42.262+0900][gc,marking  ] GC(2) Concurrent Preclean
[2024-08-12T22:11:42.262+0900][gc,marking  ] GC(2) Concurrent Preclean 0.021ms
[2024-08-12T22:11:42.263+0900][gc,start    ] GC(2) Pause Remark
[2024-08-12T22:11:42.268+0900][gc          ] GC(2) Pause Remark 138M->138M(1024M) 5.052ms
[2024-08-12T22:11:42.268+0900][gc,cpu      ] GC(2) User=0.00s Sys=0.00s Real=0.00s
[2024-08-12T22:11:42.268+0900][gc,marking  ] GC(2) Concurrent Mark 6.110ms
[2024-08-12T22:11:42.268+0900][gc,marking  ] GC(2) Concurrent Rebuild Remembered Sets
[2024-08-12T22:11:42.269+0900][gc,marking  ] GC(2) Concurrent Rebuild Remembered Sets 1.570ms
[2024-08-12T22:11:42.270+0900][gc,start    ] GC(2) Pause Cleanup
[2024-08-12T22:11:42.270+0900][gc          ] GC(2) Pause Cleanup 138M->138M(1024M) 0.069ms
[2024-08-12T22:11:42.270+0900][gc,cpu      ] GC(2) User=0.00s Sys=0.00s Real=0.00s
[2024-08-12T22:11:42.270+0900][gc,marking  ] GC(2) Concurrent Cleanup for Next Mark
[2024-08-12T22:11:42.272+0900][gc,marking  ] GC(2) Concurrent Cleanup for Next Mark 2.798ms
[2024-08-12T22:11:42.272+0900][gc          ] GC(2) Concurrent Mark Cycle 13.640ms
[2024-08-12T22:12:12.173+0900][gc,start    ] GC(3) Pause Young (Normal) (G1 Evacuation Pause)
[2024-08-12T22:12:12.173+0900][gc,task     ] GC(3) Using 8 workers of 8 for evacuation
[2024-08-12T22:12:12.203+0900][gc,mmu      ] GC(3) MMU target violated: 21.0ms (20.0ms/21.0ms)
[2024-08-12T22:12:12.203+0900][gc,phases   ] GC(3)   Pre Evacuate Collection Set: 0.5ms
[2024-08-12T22:12:12.203+0900][gc,phases   ] GC(3)   Merge Heap Roots: 0.1ms
[2024-08-12T22:12:12.203+0900][gc,phases   ] GC(3)   Evacuate Collection Set: 28.5ms
[2024-08-12T22:12:12.203+0900][gc,phases   ] GC(3)   Post Evacuate Collection Set: 0.6ms
[2024-08-12T22:12:12.203+0900][gc,phases   ] GC(3)   Other: 0.5ms
[2024-08-12T22:12:12.203+0900][gc,heap     ] GC(3) Eden regions: 49->0(45)
[2024-08-12T22:12:12.203+0900][gc,heap     ] GC(3) Survivor regions: 2->6(7)
[2024-08-12T22:12:12.203+0900][gc,heap     ] GC(3) Old regions: 8->8
[2024-08-12T22:12:12.203+0900][gc,heap     ] GC(3) Archive regions: 2->2
[2024-08-12T22:12:12.203+0900][gc,heap     ] GC(3) Humongous regions: 129->129
[2024-08-12T22:12:12.203+0900][gc,metaspace] GC(3) Metaspace: 33023K(33216K)->33023K(33216K) NonClass: 29339K(29440K)->29339K(29440K) Class: 3683K(3776K)->3683K(3776K)
[2024-08-12T22:12:12.203+0900][gc          ] GC(3) Pause Young (Normal) (G1 Evacuation Pause) 187M->142M(1024M) 30.319ms
[2024-08-12T22:12:12.203+0900][gc,cpu      ] GC(3) User=0.03s Sys=0.07s Real=0.03s
[2024-08-12T22:16:33.098+0900][gc,start    ] GC(4) Pause Young (Concurrent Start) (Metadata GC Threshold)
[2024-08-12T22:16:33.099+0900][gc,task     ] GC(4) Using 8 workers of 8 for evacuation
[2024-08-12T22:16:33.109+0900][gc,phases   ] GC(4)   Pre Evacuate Collection Set: 0.5ms
[2024-08-12T22:16:33.110+0900][gc,phases   ] GC(4)   Merge Heap Roots: 0.3ms
[2024-08-12T22:16:33.110+0900][gc,phases   ] GC(4)   Evacuate Collection Set: 8.9ms
[2024-08-12T22:16:33.110+0900][gc,phases   ] GC(4)   Post Evacuate Collection Set: 0.5ms
[2024-08-12T22:16:33.110+0900][gc,phases   ] GC(4)   Other: 1.3ms
[2024-08-12T22:16:33.110+0900][gc,heap     ] GC(4) Eden regions: 15->0(49)
[2024-08-12T22:16:33.110+0900][gc,heap     ] GC(4) Survivor regions: 6->2(7)
[2024-08-12T22:16:33.110+0900][gc,heap     ] GC(4) Old regions: 8->13
[2024-08-12T22:16:33.110+0900][gc,heap     ] GC(4) Archive regions: 2->2
[2024-08-12T22:16:33.110+0900][gc,heap     ] GC(4) Humongous regions: 129->129
[2024-08-12T22:16:33.110+0900][gc,metaspace] GC(4) Metaspace: 35623K(35968K)->35623K(35968K) NonClass: 31504K(31680K)->31504K(31680K) Class: 4118K(4288K)->4118K(4288K)
[2024-08-12T22:16:33.110+0900][gc          ] GC(4) Pause Young (Concurrent Start) (Metadata GC Threshold) 157M->143M(1024M) 11.324ms
[2024-08-12T22:16:33.110+0900][gc,cpu      ] GC(4) User=0.02s Sys=0.02s Real=0.02s
[2024-08-12T22:16:33.110+0900][gc          ] GC(5) Concurrent Mark Cycle
[2024-08-12T22:16:33.110+0900][gc,marking  ] GC(5) Concurrent Clear Claimed Marks
[2024-08-12T22:16:33.110+0900][gc,marking  ] GC(5) Concurrent Clear Claimed Marks 0.012ms
[2024-08-12T22:16:33.110+0900][gc,marking  ] GC(5) Concurrent Scan Root Regions
[2024-08-12T22:16:33.113+0900][gc,marking  ] GC(5) Concurrent Scan Root Regions 3.240ms
[2024-08-12T22:16:33.113+0900][gc,marking  ] GC(5) Concurrent Mark
[2024-08-12T22:16:33.113+0900][gc,marking  ] GC(5) Concurrent Mark From Roots
[2024-08-12T22:16:33.113+0900][gc,task     ] GC(5) Using 2 workers of 2 for marking
[2024-08-12T22:16:33.128+0900][gc,marking  ] GC(5) Concurrent Mark From Roots 15.032ms
[2024-08-12T22:16:33.128+0900][gc,marking  ] GC(5) Concurrent Preclean
[2024-08-12T22:16:33.128+0900][gc,marking  ] GC(5) Concurrent Preclean 0.059ms
[2024-08-12T22:16:33.128+0900][gc,start    ] GC(5) Pause Remark
[2024-08-12T22:16:33.159+0900][gc,mmu      ] GC(5) MMU target violated: 21.0ms (20.0ms/21.0ms)
[2024-08-12T22:16:33.159+0900][gc          ] GC(5) Pause Remark 143M->143M(1024M) 30.760ms
[2024-08-12T22:16:33.159+0900][gc,cpu      ] GC(5) User=0.01s Sys=0.02s Real=0.03s
[2024-08-12T22:16:33.159+0900][gc,marking  ] GC(5) Concurrent Mark 46.132ms
[2024-08-12T22:16:33.159+0900][gc,marking  ] GC(5) Concurrent Rebuild Remembered Sets
[2024-08-12T22:16:33.162+0900][gc,marking  ] GC(5) Concurrent Rebuild Remembered Sets 3.043ms
[2024-08-12T22:16:33.162+0900][gc,start    ] GC(5) Pause Cleanup
[2024-08-12T22:16:33.162+0900][gc          ] GC(5) Pause Cleanup 144M->144M(1024M) 0.089ms
[2024-08-12T22:16:33.162+0900][gc,cpu      ] GC(5) User=0.00s Sys=0.00s Real=0.00s
[2024-08-12T22:16:33.162+0900][gc,marking  ] GC(5) Concurrent Cleanup for Next Mark
[2024-08-12T22:16:33.165+0900][gc,marking  ] GC(5) Concurrent Cleanup for Next Mark 2.855ms
[2024-08-12T22:16:33.165+0900][gc          ] GC(5) Concurrent Mark Cycle 55.598ms
[2024-08-12T22:26:41.927+0900][gc,start    ] GC(6) Pause Young (Prepare Mixed) (G1 Evacuation Pause)
[2024-08-12T22:26:41.929+0900][gc,task     ] GC(6) Using 8 workers of 8 for evacuation
[2024-08-12T22:26:42.007+0900][gc,mmu      ] GC(6) MMU target violated: 21.0ms (20.0ms/21.0ms)
[2024-08-12T22:26:42.007+0900][gc,phases   ] GC(6)   Pre Evacuate Collection Set: 2.1ms
[2024-08-12T22:26:42.007+0900][gc,phases   ] GC(6)   Merge Heap Roots: 1.2ms
[2024-08-12T22:26:42.007+0900][gc,phases   ] GC(6)   Evacuate Collection Set: 71.7ms
[2024-08-12T22:26:42.007+0900][gc,phases   ] GC(6)   Post Evacuate Collection Set: 1.6ms
[2024-08-12T22:26:42.008+0900][gc,phases   ] GC(6)   Other: 6.5ms
[2024-08-12T22:26:42.008+0900][gc,heap     ] GC(6) Eden regions: 49->0(46)
[2024-08-12T22:26:42.008+0900][gc,heap     ] GC(6) Survivor regions: 2->5(7)
[2024-08-12T22:26:42.008+0900][gc,heap     ] GC(6) Old regions: 13->13
[2024-08-12T22:26:42.008+0900][gc,heap     ] GC(6) Archive regions: 2->2
[2024-08-12T22:26:42.008+0900][gc,heap     ] GC(6) Humongous regions: 129->129
[2024-08-12T22:26:42.008+0900][gc,metaspace] GC(6) Metaspace: 38723K(39232K)->38723K(39232K) NonClass: 34279K(34560K)->34279K(34560K) Class: 4444K(4672K)->4444K(4672K)
[2024-08-12T22:26:42.009+0900][gc          ] GC(6) Pause Young (Prepare Mixed) (G1 Evacuation Pause) 192M->146M(1024M) 81.715ms
[2024-08-12T22:26:42.009+0900][gc,cpu      ] GC(6) User=0.05s Sys=0.13s Real=0.08s
[2024-08-12T22:40:02.915+0900][gc,start    ] GC(7) Pause Young (Mixed) (G1 Evacuation Pause)
[2024-08-12T22:40:02.917+0900][gc,task     ] GC(7) Using 8 workers of 8 for evacuation
[2024-08-12T22:40:02.986+0900][gc,mmu      ] GC(7) MMU target violated: 21.0ms (20.0ms/21.0ms)
[2024-08-12T22:40:02.987+0900][gc,phases   ] GC(7)   Pre Evacuate Collection Set: 2.6ms
[2024-08-12T22:40:02.987+0900][gc,phases   ] GC(7)   Merge Heap Roots: 2.4ms
[2024-08-12T22:40:02.987+0900][gc,phases   ] GC(7)   Evacuate Collection Set: 61.2ms
[2024-08-12T22:40:02.987+0900][gc,phases   ] GC(7)   Post Evacuate Collection Set: 1.5ms
[2024-08-12T22:40:02.987+0900][gc,phases   ] GC(7)   Other: 6.5ms
[2024-08-12T22:40:02.987+0900][gc,heap     ] GC(7) Eden regions: 46->0(47)
[2024-08-12T22:40:02.987+0900][gc,heap     ] GC(7) Survivor regions: 5->4(7)
[2024-08-12T22:40:02.987+0900][gc,heap     ] GC(7) Old regions: 13->13
[2024-08-12T22:40:02.987+0900][gc,heap     ] GC(7) Archive regions: 2->2
[2024-08-12T22:40:02.987+0900][gc,heap     ] GC(7) Humongous regions: 129->129
[2024-08-12T22:40:02.987+0900][gc,metaspace] GC(7) Metaspace: 38879K(39424K)->38879K(39424K) NonClass: 34433K(34752K)->34433K(34752K) Class: 4445K(4672K)->4445K(4672K)
[2024-08-12T22:40:02.987+0900][gc          ] GC(7) Pause Young (Mixed) (G1 Evacuation Pause) 192M->146M(1024M) 72.717ms
[2024-08-12T22:40:02.987+0900][gc,cpu      ] GC(7) User=0.05s Sys=0.08s Real=0.07s
[2024-08-12T22:54:40.019+0900][gc,start    ] GC(8) Pause Young (Normal) (G1 Evacuation Pause)
[2024-08-12T22:54:40.021+0900][gc,task     ] GC(8) Using 8 workers of 8 for evacuation
[2024-08-12T22:54:40.101+0900][gc,mmu      ] GC(8) MMU target violated: 21.0ms (20.0ms/21.0ms)
[2024-08-12T22:54:40.101+0900][gc,phases   ] GC(8)   Pre Evacuate Collection Set: 3.6ms
[2024-08-12T22:54:40.101+0900][gc,phases   ] GC(8)   Merge Heap Roots: 2.4ms
[2024-08-12T22:54:40.101+0900][gc,phases   ] GC(8)   Evacuate Collection Set: 70.5ms
[2024-08-12T22:54:40.101+0900][gc,phases   ] GC(8)   Post Evacuate Collection Set: 2.5ms
[2024-08-12T22:54:40.102+0900][gc,phases   ] GC(8)   Other: 7.3ms
[2024-08-12T22:54:40.102+0900][gc,heap     ] GC(8) Eden regions: 47->0(47)
[2024-08-12T22:54:40.102+0900][gc,heap     ] GC(8) Survivor regions: 4->4(7)
[2024-08-12T22:54:40.102+0900][gc,heap     ] GC(8) Old regions: 13->13
[2024-08-12T22:54:40.102+0900][gc,heap     ] GC(8) Archive regions: 2->2
[2024-08-12T22:54:40.102+0900][gc,heap     ] GC(8) Humongous regions: 129->129
[2024-08-12T22:54:40.102+0900][gc,metaspace] GC(8) Metaspace: 38939K(39488K)->38939K(39488K) NonClass: 34494K(34816K)->34494K(34816K) Class: 4445K(4672K)->4445K(4672K)
[2024-08-12T22:54:40.102+0900][gc          ] GC(8) Pause Young (Normal) (G1 Evacuation Pause) 193M->146M(1024M) 83.972ms
[2024-08-12T22:54:40.102+0900][gc,cpu      ] GC(8) User=0.04s Sys=0.10s Real=0.09s
[2024-08-12T23:10:11.976+0900][gc,start    ] GC(9) Pause Young (Normal) (G1 Evacuation Pause)
[2024-08-12T23:10:11.978+0900][gc,task     ] GC(9) Using 8 workers of 8 for evacuation
[2024-08-12T23:10:12.089+0900][gc,mmu      ] GC(9) MMU target violated: 21.0ms (20.0ms/21.0ms)
[2024-08-12T23:10:12.102+0900][gc,phases   ] GC(9)   Pre Evacuate Collection Set: 5.9ms
[2024-08-12T23:10:12.102+0900][gc,phases   ] GC(9)   Merge Heap Roots: 1.8ms
[2024-08-12T23:10:12.102+0900][gc,phases   ] GC(9)   Evacuate Collection Set: 94.0ms
[2024-08-12T23:10:12.102+0900][gc,phases   ] GC(9)   Post Evacuate Collection Set: 6.2ms
[2024-08-12T23:10:12.103+0900][gc,phases   ] GC(9)   Other: 22.3ms
[2024-08-12T23:10:12.103+0900][gc,heap     ] GC(9) Eden regions: 47->0(46)
[2024-08-12T23:10:12.103+0900][gc,heap     ] GC(9) Survivor regions: 4->5(7)
[2024-08-12T23:10:12.103+0900][gc,heap     ] GC(9) Old regions: 13->13
[2024-08-12T23:10:12.103+0900][gc,heap     ] GC(9) Archive regions: 2->2
[2024-08-12T23:10:12.103+0900][gc,heap     ] GC(9) Humongous regions: 129->129
[2024-08-12T23:10:12.103+0900][gc,metaspace] GC(9) Metaspace: 38990K(39488K)->38990K(39488K) NonClass: 34545K(34816K)->34545K(34816K) Class: 4445K(4672K)->4445K(4672K)
[2024-08-12T23:10:12.103+0900][gc          ] GC(9) Pause Young (Normal) (G1 Evacuation Pause) 193M->147M(1024M) 127.522ms
[2024-08-12T23:10:12.103+0900][gc,cpu      ] GC(9) User=0.05s Sys=0.07s Real=0.13s
[2024-08-12T23:19:42.055+0900][gc,start    ] GC(10) Pause Young (Normal) (G1 Evacuation Pause)
[2024-08-12T23:19:42.056+0900][gc,task     ] GC(10) Using 8 workers of 8 for evacuation
[2024-08-12T23:19:42.115+0900][gc,mmu      ] GC(10) MMU target violated: 21.0ms (20.0ms/21.0ms)
[2024-08-12T23:19:42.115+0900][gc,phases   ] GC(10)   Pre Evacuate Collection Set: 2.9ms
[2024-08-12T23:19:42.115+0900][gc,phases   ] GC(10)   Merge Heap Roots: 1.9ms
[2024-08-12T23:19:42.115+0900][gc,phases   ] GC(10)   Evacuate Collection Set: 53.4ms
[2024-08-12T23:19:42.115+0900][gc,phases   ] GC(10)   Post Evacuate Collection Set: 0.8ms
[2024-08-12T23:19:42.115+0900][gc,phases   ] GC(10)   Other: 4.1ms
[2024-08-12T23:19:42.115+0900][gc,heap     ] GC(10) Eden regions: 46->0(47)
[2024-08-12T23:19:42.115+0900][gc,heap     ] GC(10) Survivor regions: 5->4(7)
[2024-08-12T23:19:42.115+0900][gc,heap     ] GC(10) Old regions: 13->15
[2024-08-12T23:19:42.115+0900][gc,heap     ] GC(10) Archive regions: 2->2
[2024-08-12T23:19:42.115+0900][gc,heap     ] GC(10) Humongous regions: 129->129
[2024-08-12T23:19:42.115+0900][gc,metaspace] GC(10) Metaspace: 39259K(39744K)->39259K(39744K) NonClass: 34801K(35072K)->34801K(35072K) Class: 4458K(4672K)->4458K(4672K)
[2024-08-12T23:19:42.115+0900][gc          ] GC(10) Pause Young (Normal) (G1 Evacuation Pause) 193M->147M(1024M) 60.998ms
[2024-08-12T23:19:42.116+0900][gc,cpu      ] GC(10) User=0.05s Sys=0.08s Real=0.06s
[2024-08-12T23:23:03.561+0900][gc,start    ] GC(11) Pause Young (Normal) (G1 Evacuation Pause)
[2024-08-12T23:23:03.564+0900][gc,task     ] GC(11) Using 8 workers of 8 for evacuation
[2024-08-12T23:23:03.631+0900][gc,mmu      ] GC(11) MMU target violated: 21.0ms (20.0ms/21.0ms)
[2024-08-12T23:23:03.631+0900][gc,phases   ] GC(11)   Pre Evacuate Collection Set: 2.7ms
[2024-08-12T23:23:03.631+0900][gc,phases   ] GC(11)   Merge Heap Roots: 1.0ms
[2024-08-12T23:23:03.631+0900][gc,phases   ] GC(11)   Evacuate Collection Set: 61.3ms
[2024-08-12T23:23:03.631+0900][gc,phases   ] GC(11)   Post Evacuate Collection Set: 1.7ms
[2024-08-12T23:23:03.632+0900][gc,phases   ] GC(11)   Other: 16.4ms
[2024-08-12T23:23:03.632+0900][gc,heap     ] GC(11) Eden regions: 47->0(46)
[2024-08-12T23:23:03.632+0900][gc,heap     ] GC(11) Survivor regions: 4->5(7)
[2024-08-12T23:23:03.632+0900][gc,heap     ] GC(11) Old regions: 15->15
[2024-08-12T23:23:03.632+0900][gc,heap     ] GC(11) Archive regions: 2->2
[2024-08-12T23:23:03.632+0900][gc,heap     ] GC(11) Humongous regions: 129->129
[2024-08-12T23:23:03.632+0900][gc,metaspace] GC(11) Metaspace: 39280K(39744K)->39280K(39744K) NonClass: 34820K(35072K)->34820K(35072K) Class: 4459K(4672K)->4459K(4672K)
[2024-08-12T23:23:03.632+0900][gc          ] GC(11) Pause Young (Normal) (G1 Evacuation Pause) 194M->149M(1024M) 72.886ms
[2024-08-12T23:23:03.632+0900][gc,cpu      ] GC(11) User=0.03s Sys=0.05s Real=0.08s
[2024-08-12T23:26:24.179+0900][gc,start    ] GC(12) Pause Young (Normal) (G1 Evacuation Pause)
[2024-08-12T23:26:24.180+0900][gc,task     ] GC(12) Using 8 workers of 8 for evacuation
[2024-08-12T23:26:24.240+0900][gc,mmu      ] GC(12) MMU target violated: 21.0ms (20.0ms/21.0ms)
[2024-08-12T23:26:24.245+0900][gc,phases   ] GC(12)   Pre Evacuate Collection Set: 1.3ms
[2024-08-12T23:26:24.245+0900][gc,phases   ] GC(12)   Merge Heap Roots: 0.5ms
[2024-08-12T23:26:24.245+0900][gc,phases   ] GC(12)   Evacuate Collection Set: 47.8ms
[2024-08-12T23:26:24.245+0900][gc,phases   ] GC(12)   Post Evacuate Collection Set: 9.3ms
[2024-08-12T23:26:24.245+0900][gc,phases   ] GC(12)   Other: 9.8ms
[2024-08-12T23:26:24.246+0900][gc,heap     ] GC(12) Eden regions: 46->0(48)
[2024-08-12T23:26:24.246+0900][gc,heap     ] GC(12) Survivor regions: 5->3(7)
[2024-08-12T23:26:24.246+0900][gc,heap     ] GC(12) Old regions: 15->16
[2024-08-12T23:26:24.246+0900][gc,heap     ] GC(12) Archive regions: 2->2
[2024-08-12T23:26:24.246+0900][gc,heap     ] GC(12) Humongous regions: 129->129
[2024-08-12T23:26:24.246+0900][gc,metaspace] GC(12) Metaspace: 39291K(39744K)->39291K(39744K) NonClass: 34831K(35072K)->34831K(35072K) Class: 4459K(4672K)->4459K(4672K)
[2024-08-12T23:26:24.246+0900][gc          ] GC(12) Pause Young (Normal) (G1 Evacuation Pause) 195M->148M(1024M) 67.783ms
[2024-08-12T23:26:24.246+0900][gc,cpu      ] GC(12) User=0.02s Sys=0.07s Real=0.07s
[2024-08-12T23:29:57.779+0900][gc,start    ] GC(13) Pause Young (Normal) (G1 Evacuation Pause)
[2024-08-12T23:29:57.781+0900][gc,task     ] GC(13) Using 8 workers of 8 for evacuation
[2024-08-12T23:29:57.878+0900][gc,mmu      ] GC(13) MMU target violated: 21.0ms (20.0ms/21.0ms)
[2024-08-12T23:29:57.878+0900][gc,phases   ] GC(13)   Pre Evacuate Collection Set: 4.1ms
[2024-08-12T23:29:57.878+0900][gc,phases   ] GC(13)   Merge Heap Roots: 1.1ms
[2024-08-12T23:29:57.878+0900][gc,phases   ] GC(13)   Evacuate Collection Set: 87.7ms
[2024-08-12T23:29:57.878+0900][gc,phases   ] GC(13)   Post Evacuate Collection Set: 3.3ms
[2024-08-12T23:29:57.879+0900][gc,phases   ] GC(13)   Other: 4.0ms
[2024-08-12T23:29:57.879+0900][gc,heap     ] GC(13) Eden regions: 48->0(45)
[2024-08-12T23:29:57.879+0900][gc,heap     ] GC(13) Survivor regions: 3->6(7)
[2024-08-12T23:29:57.879+0900][gc,heap     ] GC(13) Old regions: 16->16
[2024-08-12T23:29:57.879+0900][gc,heap     ] GC(13) Archive regions: 2->2
[2024-08-12T23:29:57.879+0900][gc,heap     ] GC(13) Humongous regions: 129->129
[2024-08-12T23:29:57.879+0900][gc,metaspace] GC(13) Metaspace: 39293K(39744K)->39293K(39744K) NonClass: 34833K(35072K)->34833K(35072K) Class: 4459K(4672K)->4459K(4672K)
[2024-08-12T23:29:57.879+0900][gc          ] GC(13) Pause Young (Normal) (G1 Evacuation Pause) 196M->150M(1024M) 100.232ms
[2024-08-12T23:29:57.879+0900][gc,cpu      ] GC(13) User=0.02s Sys=0.06s Real=0.10s
[2024-08-12T23:33:16.714+0900][gc,start    ] GC(14) Pause Young (Normal) (G1 Evacuation Pause)
[2024-08-12T23:33:16.716+0900][gc,task     ] GC(14) Using 8 workers of 8 for evacuation
[2024-08-12T23:33:16.749+0900][gc,mmu      ] GC(14) MMU target violated: 21.0ms (20.0ms/21.0ms)
[2024-08-12T23:33:16.750+0900][gc,phases   ] GC(14)   Pre Evacuate Collection Set: 1.4ms
[2024-08-12T23:33:16.750+0900][gc,phases   ] GC(14)   Merge Heap Roots: 0.5ms
[2024-08-12T23:33:16.750+0900][gc,phases   ] GC(14)   Evacuate Collection Set: 27.9ms
[2024-08-12T23:33:16.750+0900][gc,phases   ] GC(14)   Post Evacuate Collection Set: 2.0ms
[2024-08-12T23:33:16.750+0900][gc,phases   ] GC(14)   Other: 6.3ms
[2024-08-12T23:33:16.750+0900][gc,heap     ] GC(14) Eden regions: 45->0(47)
[2024-08-12T23:33:16.750+0900][gc,heap     ] GC(14) Survivor regions: 6->4(7)
[2024-08-12T23:33:16.750+0900][gc,heap     ] GC(14) Old regions: 16->19
[2024-08-12T23:33:16.750+0900][gc,heap     ] GC(14) Archive regions: 2->2
[2024-08-12T23:33:16.750+0900][gc,heap     ] GC(14) Humongous regions: 129->129
[2024-08-12T23:33:16.750+0900][gc,metaspace] GC(14) Metaspace: 39293K(39744K)->39293K(39744K) NonClass: 34833K(35072K)->34833K(35072K) Class: 4459K(4672K)->4459K(4672K)
[2024-08-12T23:33:16.751+0900][gc          ] GC(14) Pause Young (Normal) (G1 Evacuation Pause) 195M->152M(1024M) 37.004ms
[2024-08-12T23:33:16.751+0900][gc,cpu      ] GC(14) User=0.02s Sys=0.05s Real=0.04s
[2024-08-12T23:36:46.118+0900][gc,start    ] GC(15) Pause Young (Normal) (G1 Evacuation Pause)
[2024-08-12T23:36:46.120+0900][gc,task     ] GC(15) Using 8 workers of 8 for evacuation
[2024-08-12T23:36:46.150+0900][gc,mmu      ] GC(15) MMU target violated: 21.0ms (20.0ms/21.0ms)
[2024-08-12T23:36:46.150+0900][gc,phases   ] GC(15)   Pre Evacuate Collection Set: 2.0ms
[2024-08-12T23:36:46.150+0900][gc,phases   ] GC(15)   Merge Heap Roots: 1.2ms
[2024-08-12T23:36:46.150+0900][gc,phases   ] GC(15)   Evacuate Collection Set: 25.3ms
[2024-08-12T23:36:46.150+0900][gc,phases   ] GC(15)   Post Evacuate Collection Set: 1.2ms
[2024-08-12T23:36:46.150+0900][gc,phases   ] GC(15)   Other: 3.0ms
[2024-08-12T23:36:46.151+0900][gc,heap     ] GC(15) Eden regions: 47->0(45)
[2024-08-12T23:36:46.151+0900][gc,heap     ] GC(15) Survivor regions: 4->6(7)
[2024-08-12T23:36:46.151+0900][gc,heap     ] GC(15) Old regions: 19->19
[2024-08-12T23:36:46.151+0900][gc,heap     ] GC(15) Archive regions: 2->2
[2024-08-12T23:36:46.151+0900][gc,heap     ] GC(15) Humongous regions: 129->129
[2024-08-12T23:36:46.151+0900][gc,metaspace] GC(15) Metaspace: 39296K(39744K)->39296K(39744K) NonClass: 34836K(35072K)->34836K(35072K) Class: 4459K(4672K)->4459K(4672K)
[2024-08-12T23:36:46.151+0900][gc          ] GC(15) Pause Young (Normal) (G1 Evacuation Pause) 199M->153M(1024M) 33.499ms
[2024-08-12T23:36:46.151+0900][gc,cpu      ] GC(15) User=0.04s Sys=0.04s Real=0.04s
[2024-08-12T23:40:04.862+0900][gc,start    ] GC(16) Pause Young (Normal) (G1 Evacuation Pause)
[2024-08-12T23:40:04.863+0900][gc,task     ] GC(16) Using 8 workers of 8 for evacuation
[2024-08-12T23:40:04.937+0900][gc,mmu      ] GC(16) MMU target violated: 21.0ms (20.0ms/21.0ms)
[2024-08-12T23:40:04.938+0900][gc,phases   ] GC(16)   Pre Evacuate Collection Set: 4.2ms
[2024-08-12T23:40:04.938+0900][gc,phases   ] GC(16)   Merge Heap Roots: 1.4ms
[2024-08-12T23:40:04.938+0900][gc,phases   ] GC(16)   Evacuate Collection Set: 63.3ms
[2024-08-12T23:40:04.938+0900][gc,phases   ] GC(16)   Post Evacuate Collection Set: 3.7ms
[2024-08-12T23:40:04.940+0900][gc,phases   ] GC(16)   Other: 6.6ms
[2024-08-12T23:40:04.940+0900][gc,heap     ] GC(16) Eden regions: 45->0(44)
[2024-08-12T23:40:04.940+0900][gc,heap     ] GC(16) Survivor regions: 6->7(7)
[2024-08-12T23:40:04.940+0900][gc,heap     ] GC(16) Old regions: 19->21
[2024-08-12T23:40:04.940+0900][gc,heap     ] GC(16) Archive regions: 2->2
[2024-08-12T23:40:04.940+0900][gc,heap     ] GC(16) Humongous regions: 129->129
[2024-08-12T23:40:04.941+0900][gc,metaspace] GC(16) Metaspace: 39314K(39744K)->39314K(39744K) NonClass: 34854K(35072K)->34854K(35072K) Class: 4459K(4672K)->4459K(4672K)
[2024-08-12T23:40:04.941+0900][gc          ] GC(16) Pause Young (Normal) (G1 Evacuation Pause) 198M->157M(1024M) 79.838ms
[2024-08-12T23:40:04.941+0900][gc,cpu      ] GC(16) User=0.03s Sys=0.05s Real=0.08s
[2024-08-12T23:43:19.487+0900][gc,start    ] GC(17) Pause Young (Normal) (G1 Evacuation Pause)
[2024-08-12T23:43:19.489+0900][gc,task     ] GC(17) Using 8 workers of 8 for evacuation
[2024-08-12T23:43:19.522+0900][gc,mmu      ] GC(17) MMU target violated: 21.0ms (20.0ms/21.0ms)
[2024-08-12T23:43:19.523+0900][gc,phases   ] GC(17)   Pre Evacuate Collection Set: 1.3ms
[2024-08-12T23:43:19.523+0900][gc,phases   ] GC(17)   Merge Heap Roots: 0.4ms
[2024-08-12T23:43:19.523+0900][gc,phases   ] GC(17)   Evacuate Collection Set: 30.1ms
[2024-08-12T23:43:19.523+0900][gc,phases   ] GC(17)   Post Evacuate Collection Set: 1.1ms
[2024-08-12T23:43:19.523+0900][gc,phases   ] GC(17)   Other: 3.8ms
[2024-08-12T23:43:19.523+0900][gc,heap     ] GC(17) Eden regions: 44->0(47)
[2024-08-12T23:43:19.523+0900][gc,heap     ] GC(17) Survivor regions: 7->4(7)
[2024-08-12T23:43:19.523+0900][gc,heap     ] GC(17) Old regions: 21->26
[2024-08-12T23:43:19.523+0900][gc,heap     ] GC(17) Archive regions: 2->2
[2024-08-12T23:43:19.523+0900][gc,heap     ] GC(17) Humongous regions: 129->129
[2024-08-12T23:43:19.523+0900][gc,metaspace] GC(17) Metaspace: 39320K(39744K)->39320K(39744K) NonClass: 34860K(35072K)->34860K(35072K) Class: 4459K(4672K)->4459K(4672K)
[2024-08-12T23:43:19.523+0900][gc          ] GC(17) Pause Young (Normal) (G1 Evacuation Pause) 201M->158M(1024M) 36.307ms
[2024-08-12T23:43:19.523+0900][gc,cpu      ] GC(17) User=0.03s Sys=0.05s Real=0.04s
[2024-08-12T23:46:48.303+0900][gc,start    ] GC(18) Pause Young (Normal) (G1 Evacuation Pause)
[2024-08-12T23:46:48.305+0900][gc,task     ] GC(18) Using 8 workers of 8 for evacuation
[2024-08-12T23:46:48.356+0900][gc,mmu      ] GC(18) MMU target violated: 21.0ms (20.0ms/21.0ms)
[2024-08-12T23:46:48.357+0900][gc,phases   ] GC(18)   Pre Evacuate Collection Set: 2.5ms
[2024-08-12T23:46:48.357+0900][gc,phases   ] GC(18)   Merge Heap Roots: 1.1ms
[2024-08-12T23:46:48.357+0900][gc,phases   ] GC(18)   Evacuate Collection Set: 44.1ms
[2024-08-12T23:46:48.357+0900][gc,phases   ] GC(18)   Post Evacuate Collection Set: 1.7ms
[2024-08-12T23:46:48.357+0900][gc,phases   ] GC(18)   Other: 7.2ms
[2024-08-12T23:46:48.357+0900][gc,heap     ] GC(18) Eden regions: 47->0(44)
[2024-08-12T23:46:48.357+0900][gc,heap     ] GC(18) Survivor regions: 4->7(7)
[2024-08-12T23:46:48.357+0900][gc,heap     ] GC(18) Old regions: 26->26
[2024-08-12T23:46:48.357+0900][gc,heap     ] GC(18) Archive regions: 2->2
[2024-08-12T23:46:48.357+0900][gc,heap     ] GC(18) Humongous regions: 129->129
[2024-08-12T23:46:48.357+0900][gc,metaspace] GC(18) Metaspace: 39325K(39808K)->39325K(39808K) NonClass: 34865K(35136K)->34865K(35136K) Class: 4459K(4672K)->4459K(4672K)
[2024-08-12T23:46:48.358+0900][gc          ] GC(18) Pause Young (Normal) (G1 Evacuation Pause) 205M->162M(1024M) 55.176ms
[2024-08-12T23:46:48.358+0900][gc,cpu      ] GC(18) User=0.04s Sys=0.08s Real=0.05s
[2024-08-12T23:50:03.373+0900][gc,start    ] GC(19) Pause Young (Normal) (G1 Evacuation Pause)
[2024-08-12T23:50:03.375+0900][gc,task     ] GC(19) Using 8 workers of 8 for evacuation
[2024-08-12T23:50:03.439+0900][gc,mmu      ] GC(19) MMU target violated: 21.0ms (20.0ms/21.0ms)
[2024-08-12T23:50:03.439+0900][gc,phases   ] GC(19)   Pre Evacuate Collection Set: 4.0ms
[2024-08-12T23:50:03.439+0900][gc,phases   ] GC(19)   Merge Heap Roots: 1.0ms
[2024-08-12T23:50:03.439+0900][gc,phases   ] GC(19)   Evacuate Collection Set: 57.2ms
[2024-08-12T23:50:03.439+0900][gc,phases   ] GC(19)   Post Evacuate Collection Set: 1.3ms
[2024-08-12T23:50:03.440+0900][gc,phases   ] GC(19)   Other: 5.2ms
[2024-08-12T23:50:03.440+0900][gc,heap     ] GC(19) Eden regions: 44->0(46)
[2024-08-12T23:50:03.440+0900][gc,heap     ] GC(19) Survivor regions: 7->5(7)
[2024-08-12T23:50:03.440+0900][gc,heap     ] GC(19) Old regions: 26->31
[2024-08-12T23:50:03.440+0900][gc,heap     ] GC(19) Archive regions: 2->2
[2024-08-12T23:50:03.440+0900][gc,heap     ] GC(19) Humongous regions: 129->129
[2024-08-12T23:50:03.440+0900][gc,metaspace] GC(19) Metaspace: 39334K(39808K)->39334K(39808K) NonClass: 34874K(35136K)->34874K(35136K) Class: 4459K(4672K)->4459K(4672K)
[2024-08-12T23:50:03.440+0900][gc          ] GC(19) Pause Young (Normal) (G1 Evacuation Pause) 206M->164M(1024M) 67.531ms
[2024-08-12T23:50:03.440+0900][gc,cpu      ] GC(19) User=0.05s Sys=0.08s Real=0.07s
[2024-08-12T23:53:27.037+0900][gc,start    ] GC(20) Pause Young (Normal) (G1 Evacuation Pause)
[2024-08-12T23:53:27.039+0900][gc,task     ] GC(20) Using 8 workers of 8 for evacuation
[2024-08-12T23:53:27.084+0900][gc,mmu      ] GC(20) MMU target violated: 21.0ms (20.0ms/21.0ms)
[2024-08-12T23:53:27.084+0900][gc,phases   ] GC(20)   Pre Evacuate Collection Set: 3.0ms
[2024-08-12T23:53:27.084+0900][gc,phases   ] GC(20)   Merge Heap Roots: 0.5ms
[2024-08-12T23:53:27.084+0900][gc,phases   ] GC(20)   Evacuate Collection Set: 37.2ms
[2024-08-12T23:53:27.084+0900][gc,phases   ] GC(20)   Post Evacuate Collection Set: 2.7ms
[2024-08-12T23:53:27.085+0900][gc,phases   ] GC(20)   Other: 6.2ms
[2024-08-12T23:53:27.085+0900][gc,heap     ] GC(20) Eden regions: 46->0(45)
[2024-08-12T23:53:27.085+0900][gc,heap     ] GC(20) Survivor regions: 5->6(7)
[2024-08-12T23:53:27.085+0900][gc,heap     ] GC(20) Old regions: 31->31
[2024-08-12T23:53:27.085+0900][gc,heap     ] GC(20) Archive regions: 2->2
[2024-08-12T23:53:27.085+0900][gc,heap     ] GC(20) Humongous regions: 129->129
[2024-08-12T23:53:27.085+0900][gc,metaspace] GC(20) Metaspace: 39335K(39808K)->39335K(39808K) NonClass: 34875K(35136K)->34875K(35136K) Class: 4459K(4672K)->4459K(4672K)
[2024-08-12T23:53:27.086+0900][gc          ] GC(20) Pause Young (Normal) (G1 Evacuation Pause) 210M->166M(1024M) 49.043ms
[2024-08-12T23:53:27.086+0900][gc,cpu      ] GC(20) User=0.03s Sys=0.07s Real=0.05s
[2024-08-12T23:56:48.160+0900][gc,start    ] GC(21) Pause Young (Normal) (G1 Evacuation Pause)
[2024-08-12T23:56:48.161+0900][gc,task     ] GC(21) Using 8 workers of 8 for evacuation
[2024-08-12T23:56:48.210+0900][gc,mmu      ] GC(21) MMU target violated: 21.0ms (20.0ms/21.0ms)
[2024-08-12T23:56:48.210+0900][gc,phases   ] GC(21)   Pre Evacuate Collection Set: 1.6ms
[2024-08-12T23:56:48.210+0900][gc,phases   ] GC(21)   Merge Heap Roots: 0.4ms
[2024-08-12T23:56:48.210+0900][gc,phases   ] GC(21)   Evacuate Collection Set: 42.5ms
[2024-08-12T23:56:48.211+0900][gc,phases   ] GC(21)   Post Evacuate Collection Set: 3.3ms
[2024-08-12T23:56:48.212+0900][gc,phases   ] GC(21)   Other: 4.5ms
[2024-08-12T23:56:48.212+0900][gc,heap     ] GC(21) Eden regions: 45->0(44)
[2024-08-12T23:56:48.212+0900][gc,heap     ] GC(21) Survivor regions: 6->7(7)
[2024-08-12T23:56:48.212+0900][gc,heap     ] GC(21) Old regions: 31->34
[2024-08-12T23:56:48.212+0900][gc,heap     ] GC(21) Archive regions: 2->2
[2024-08-12T23:56:48.212+0900][gc,heap     ] GC(21) Humongous regions: 129->129
[2024-08-12T23:56:48.212+0900][gc,metaspace] GC(21) Metaspace: 39335K(39808K)->39335K(39808K) NonClass: 34875K(35136K)->34875K(35136K) Class: 4459K(4672K)->4459K(4672K)
[2024-08-12T23:56:48.213+0900][gc          ] GC(21) Pause Young (Normal) (G1 Evacuation Pause) 211M->170M(1024M) 53.245ms
[2024-08-12T23:56:48.213+0900][gc,cpu      ] GC(21) User=0.04s Sys=0.07s Real=0.05s
[2024-08-13T00:00:03.012+0900][gc,start    ] GC(22) Pause Young (Normal) (G1 Evacuation Pause)
[2024-08-13T00:00:03.014+0900][gc,task     ] GC(22) Using 8 workers of 8 for evacuation
[2024-08-13T00:00:03.072+0900][gc,mmu      ] GC(22) MMU target violated: 21.0ms (20.0ms/21.0ms)
[2024-08-13T00:00:03.073+0900][gc,phases   ] GC(22)   Pre Evacuate Collection Set: 3.7ms
[2024-08-13T00:00:03.073+0900][gc,phases   ] GC(22)   Merge Heap Roots: 0.7ms
[2024-08-13T00:00:03.073+0900][gc,phases   ] GC(22)   Evacuate Collection Set: 51.6ms
[2024-08-13T00:00:03.073+0900][gc,phases   ] GC(22)   Post Evacuate Collection Set: 1.4ms
[2024-08-13T00:00:03.073+0900][gc,phases   ] GC(22)   Other: 5.1ms
[2024-08-13T00:00:03.073+0900][gc,heap     ] GC(22) Eden regions: 44->0(47)
[2024-08-13T00:00:03.073+0900][gc,heap     ] GC(22) Survivor regions: 7->4(7)
[2024-08-13T00:00:03.073+0900][gc,heap     ] GC(22) Old regions: 34->39
[2024-08-13T00:00:03.073+0900][gc,heap     ] GC(22) Archive regions: 2->2
[2024-08-13T00:00:03.073+0900][gc,heap     ] GC(22) Humongous regions: 129->129
[2024-08-13T00:00:03.074+0900][gc,metaspace] GC(22) Metaspace: 39341K(39808K)->39341K(39808K) NonClass: 34881K(35136K)->34881K(35136K) Class: 4459K(4672K)->4459K(4672K)
[2024-08-13T00:00:03.074+0900][gc          ] GC(22) Pause Young (Normal) (G1 Evacuation Pause) 214M->171M(1024M) 62.328ms
[2024-08-13T00:00:03.074+0900][gc,cpu      ] GC(22) User=0.03s Sys=0.09s Real=0.06s
[2024-08-13T00:03:30.814+0900][gc,start    ] GC(23) Pause Young (Normal) (G1 Evacuation Pause)
[2024-08-13T00:03:30.815+0900][gc,task     ] GC(23) Using 8 workers of 8 for evacuation
[2024-08-13T00:03:30.867+0900][gc,mmu      ] GC(23) MMU target violated: 21.0ms (20.0ms/21.0ms)
[2024-08-13T00:03:30.867+0900][gc,phases   ] GC(23)   Pre Evacuate Collection Set: 3.9ms
[2024-08-13T00:03:30.867+0900][gc,phases   ] GC(23)   Merge Heap Roots: 0.6ms
[2024-08-13T00:03:30.867+0900][gc,phases   ] GC(23)   Evacuate Collection Set: 44.2ms
[2024-08-13T00:03:30.867+0900][gc,phases   ] GC(23)   Post Evacuate Collection Set: 1.3ms
[2024-08-13T00:03:30.867+0900][gc,phases   ] GC(23)   Other: 4.9ms
[2024-08-13T00:03:30.867+0900][gc,heap     ] GC(23) Eden regions: 47->0(44)
[2024-08-13T00:03:30.867+0900][gc,heap     ] GC(23) Survivor regions: 4->7(7)
[2024-08-13T00:03:30.867+0900][gc,heap     ] GC(23) Old regions: 39->39
[2024-08-13T00:03:30.867+0900][gc,heap     ] GC(23) Archive regions: 2->2
[2024-08-13T00:03:30.867+0900][gc,heap     ] GC(23) Humongous regions: 129->129
[2024-08-13T00:03:30.867+0900][gc,metaspace] GC(23) Metaspace: 39346K(39808K)->39346K(39808K) NonClass: 34886K(35136K)->34886K(35136K) Class: 4459K(4672K)->4459K(4672K)
[2024-08-13T00:03:30.867+0900][gc          ] GC(23) Pause Young (Normal) (G1 Evacuation Pause) 218M->175M(1024M) 53.800ms
[2024-08-13T00:03:30.867+0900][gc,cpu      ] GC(23) User=0.03s Sys=0.07s Real=0.05s
[2024-08-13T00:06:46.537+0900][gc,start    ] GC(24) Pause Young (Normal) (G1 Evacuation Pause)
[2024-08-13T00:06:46.542+0900][gc,task     ] GC(24) Using 8 workers of 8 for evacuation
[2024-08-13T00:06:46.754+0900][gc,mmu      ] GC(24) MMU target violated: 21.0ms (20.0ms/21.0ms)
[2024-08-13T00:06:46.756+0900][gc,phases   ] GC(24)   Pre Evacuate Collection Set: 16.1ms
[2024-08-13T00:06:46.756+0900][gc,phases   ] GC(24)   Merge Heap Roots: 1.9ms
[2024-08-13T00:06:46.756+0900][gc,phases   ] GC(24)   Evacuate Collection Set: 182.1ms
[2024-08-13T00:06:46.756+0900][gc,phases   ] GC(24)   Post Evacuate Collection Set: 7.3ms
[2024-08-13T00:06:46.761+0900][gc,phases   ] GC(24)   Other: 14.2ms
[2024-08-13T00:06:46.761+0900][gc,heap     ] GC(24) Eden regions: 44->0(46)
[2024-08-13T00:06:46.761+0900][gc,heap     ] GC(24) Survivor regions: 7->5(7)
[2024-08-13T00:06:46.761+0900][gc,heap     ] GC(24) Old regions: 39->44
[2024-08-13T00:06:46.761+0900][gc,heap     ] GC(24) Archive regions: 2->2
[2024-08-13T00:06:46.761+0900][gc,heap     ] GC(24) Humongous regions: 129->129
[2024-08-13T00:06:46.762+0900][gc,metaspace] GC(24) Metaspace: 39348K(39808K)->39348K(39808K) NonClass: 34888K(35136K)->34888K(35136K) Class: 4459K(4672K)->4459K(4672K)
[2024-08-13T00:06:46.764+0900][gc          ] GC(24) Pause Young (Normal) (G1 Evacuation Pause) 219M->177M(1024M) 226.836ms
[2024-08-13T00:06:46.764+0900][gc,cpu      ] GC(24) User=0.03s Sys=0.05s Real=0.23s
[2024-08-13T00:10:11.751+0900][gc,start    ] GC(25) Pause Young (Normal) (G1 Evacuation Pause)
[2024-08-13T00:10:11.753+0900][gc,task     ] GC(25) Using 8 workers of 8 for evacuation
[2024-08-13T00:10:11.885+0900][gc,mmu      ] GC(25) MMU target violated: 21.0ms (20.0ms/21.0ms)
[2024-08-13T00:10:11.887+0900][gc,phases   ] GC(25)   Pre Evacuate Collection Set: 5.7ms
[2024-08-13T00:10:11.887+0900][gc,phases   ] GC(25)   Merge Heap Roots: 0.6ms
[2024-08-13T00:10:11.887+0900][gc,phases   ] GC(25)   Evacuate Collection Set: 117.2ms
[2024-08-13T00:10:11.887+0900][gc,phases   ] GC(25)   Post Evacuate Collection Set: 4.8ms
[2024-08-13T00:10:11.887+0900][gc,phases   ] GC(25)   Other: 7.0ms
[2024-08-13T00:10:11.887+0900][gc,heap     ] GC(25) Eden regions: 46->0(45)
[2024-08-13T00:10:11.887+0900][gc,heap     ] GC(25) Survivor regions: 5->6(7)
[2024-08-13T00:10:11.887+0900][gc,heap     ] GC(25) Old regions: 44->44
[2024-08-13T00:10:11.887+0900][gc,heap     ] GC(25) Archive regions: 2->2
[2024-08-13T00:10:11.887+0900][gc,heap     ] GC(25) Humongous regions: 129->129
[2024-08-13T00:10:11.887+0900][gc,metaspace] GC(25) Metaspace: 39351K(39808K)->39351K(39808K) NonClass: 34891K(35136K)->34891K(35136K) Class: 4459K(4672K)->4459K(4672K)
[2024-08-13T00:10:11.887+0900][gc          ] GC(25) Pause Young (Normal) (G1 Evacuation Pause) 223M->178M(1024M) 136.370ms
[2024-08-13T00:10:11.887+0900][gc,cpu      ] GC(25) User=0.03s Sys=0.04s Real=0.13s
[2024-08-13T00:13:18.744+0900][gc,start    ] GC(26) Pause Young (Normal) (G1 Evacuation Pause)
[2024-08-13T00:13:18.746+0900][gc,task     ] GC(26) Using 8 workers of 8 for evacuation
[2024-08-13T00:13:18.888+0900][gc,mmu      ] GC(26) MMU target violated: 21.0ms (20.0ms/21.0ms)
[2024-08-13T00:13:18.899+0900][gc,phases   ] GC(26)   Pre Evacuate Collection Set: 9.1ms
[2024-08-13T00:13:18.899+0900][gc,phases   ] GC(26)   Merge Heap Roots: 1.9ms
[2024-08-13T00:13:18.899+0900][gc,phases   ] GC(26)   Evacuate Collection Set: 119.5ms
[2024-08-13T00:13:18.899+0900][gc,phases   ] GC(26)   Post Evacuate Collection Set: 10.2ms
[2024-08-13T00:13:18.900+0900][gc,phases   ] GC(26)   Other: 18.3ms
[2024-08-13T00:13:18.900+0900][gc,heap     ] GC(26) Eden regions: 45->0(44)
[2024-08-13T00:13:18.900+0900][gc,heap     ] GC(26) Survivor regions: 6->7(7)
[2024-08-13T00:13:18.900+0900][gc,heap     ] GC(26) Old regions: 44->46
[2024-08-13T00:13:18.900+0900][gc,heap     ] GC(26) Archive regions: 2->2
[2024-08-13T00:13:18.900+0900][gc,heap     ] GC(26) Humongous regions: 129->129
[2024-08-13T00:13:18.901+0900][gc,metaspace] GC(26) Metaspace: 39353K(39872K)->39353K(39872K) NonClass: 34894K(35200K)->34894K(35200K) Class: 4459K(4672K)->4459K(4672K)
[2024-08-13T00:13:18.901+0900][gc          ] GC(26) Pause Young (Normal) (G1 Evacuation Pause) 223M->182M(1024M) 159.207ms
[2024-08-13T00:13:18.901+0900][gc,cpu      ] GC(26) User=0.03s Sys=0.07s Real=0.16s
[2024-08-13T00:16:34.722+0900][gc,start    ] GC(27) Pause Young (Normal) (G1 Evacuation Pause)
[2024-08-13T00:16:34.732+0900][gc,task     ] GC(27) Using 8 workers of 8 for evacuation
[2024-08-13T00:16:34.809+0900][gc,mmu      ] GC(27) MMU target violated: 21.0ms (20.0ms/21.0ms)
[2024-08-13T00:16:34.809+0900][gc,phases   ] GC(27)   Pre Evacuate Collection Set: 6.5ms
[2024-08-13T00:16:34.809+0900][gc,phases   ] GC(27)   Merge Heap Roots: 1.7ms
[2024-08-13T00:16:34.809+0900][gc,phases   ] GC(27)   Evacuate Collection Set: 63.6ms
[2024-08-13T00:16:34.809+0900][gc,phases   ] GC(27)   Post Evacuate Collection Set: 2.2ms
[2024-08-13T00:16:34.809+0900][gc,phases   ] GC(27)   Other: 15.4ms
[2024-08-13T00:16:34.810+0900][gc,heap     ] GC(27) Eden regions: 44->0(49)
[2024-08-13T00:16:34.810+0900][gc,heap     ] GC(27) Survivor regions: 7->2(7)
[2024-08-13T00:16:34.810+0900][gc,heap     ] GC(27) Old regions: 46->51
[2024-08-13T00:16:34.810+0900][gc,heap     ] GC(27) Archive regions: 2->2
[2024-08-13T00:16:34.810+0900][gc,heap     ] GC(27) Humongous regions: 129->129
[2024-08-13T00:16:34.810+0900][gc,metaspace] GC(27) Metaspace: 39354K(39872K)->39354K(39872K) NonClass: 34894K(35200K)->34894K(35200K) Class: 4459K(4672K)->4459K(4672K)
[2024-08-13T00:16:34.810+0900][gc          ] GC(27) Pause Young (Normal) (G1 Evacuation Pause) 226M->182M(1024M) 88.859ms
[2024-08-13T00:16:34.810+0900][gc,cpu      ] GC(27) User=0.02s Sys=0.04s Real=0.09s
[2024-08-13T00:20:11.733+0900][gc,start    ] GC(28) Pause Young (Normal) (G1 Evacuation Pause)
[2024-08-13T00:20:11.738+0900][gc,task     ] GC(28) Using 8 workers of 8 for evacuation
[2024-08-13T00:20:11.860+0900][gc,mmu      ] GC(28) MMU target violated: 21.0ms (20.0ms/21.0ms)
[2024-08-13T00:20:11.860+0900][gc,phases   ] GC(28)   Pre Evacuate Collection Set: 10.1ms
[2024-08-13T00:20:11.860+0900][gc,phases   ] GC(28)   Merge Heap Roots: 2.1ms
[2024-08-13T00:20:11.860+0900][gc,phases   ] GC(28)   Evacuate Collection Set: 99.1ms
[2024-08-13T00:20:11.860+0900][gc,phases   ] GC(28)   Post Evacuate Collection Set: 4.8ms
[2024-08-13T00:20:11.860+0900][gc,phases   ] GC(28)   Other: 12.6ms
[2024-08-13T00:20:11.860+0900][gc,heap     ] GC(28) Eden regions: 49->0(45)
[2024-08-13T00:20:11.860+0900][gc,heap     ] GC(28) Survivor regions: 2->6(7)
[2024-08-13T00:20:11.860+0900][gc,heap     ] GC(28) Old regions: 51->51
[2024-08-13T00:20:11.860+0900][gc,heap     ] GC(28) Archive regions: 2->2
[2024-08-13T00:20:11.860+0900][gc,heap     ] GC(28) Humongous regions: 129->129
[2024-08-13T00:20:11.861+0900][gc,metaspace] GC(28) Metaspace: 39374K(39872K)->39374K(39872K) NonClass: 34914K(35200K)->34914K(35200K) Class: 4459K(4672K)->4459K(4672K)
[2024-08-13T00:20:11.861+0900][gc          ] GC(28) Pause Young (Normal) (G1 Evacuation Pause) 231M->185M(1024M) 128.688ms
[2024-08-13T00:20:11.861+0900][gc,cpu      ] GC(28) User=0.02s Sys=0.06s Real=0.13s
[2024-08-13T00:23:26.206+0900][gc,start    ] GC(29) Pause Young (Normal) (G1 Evacuation Pause)
[2024-08-13T00:23:26.207+0900][gc,task     ] GC(29) Using 8 workers of 8 for evacuation
[2024-08-13T00:23:26.262+0900][gc,mmu      ] GC(29) MMU target violated: 21.0ms (20.0ms/21.0ms)
[2024-08-13T00:23:26.263+0900][gc,phases   ] GC(29)   Pre Evacuate Collection Set: 4.2ms
[2024-08-13T00:23:26.263+0900][gc,phases   ] GC(29)   Merge Heap Roots: 0.9ms
[2024-08-13T00:23:26.263+0900][gc,phases   ] GC(29)   Evacuate Collection Set: 41.7ms
[2024-08-13T00:23:26.263+0900][gc,phases   ] GC(29)   Post Evacuate Collection Set: 5.8ms
[2024-08-13T00:23:26.264+0900][gc,phases   ] GC(29)   Other: 6.0ms
[2024-08-13T00:23:26.265+0900][gc,heap     ] GC(29) Eden regions: 45->0(47)
[2024-08-13T00:23:26.265+0900][gc,heap     ] GC(29) Survivor regions: 6->4(7)
[2024-08-13T00:23:26.265+0900][gc,heap     ] GC(29) Old regions: 51->55
[2024-08-13T00:23:26.265+0900][gc,heap     ] GC(29) Archive regions: 2->2
[2024-08-13T00:23:26.265+0900][gc,heap     ] GC(29) Humongous regions: 129->129
[2024-08-13T00:23:26.265+0900][gc,metaspace] GC(29) Metaspace: 39377K(39872K)->39377K(39872K) NonClass: 34917K(35200K)->34917K(35200K) Class: 4459K(4672K)->4459K(4672K)
[2024-08-13T00:23:26.266+0900][gc          ] GC(29) Pause Young (Normal) (G1 Evacuation Pause) 230M->187M(1024M) 60.318ms
[2024-08-13T00:23:26.266+0900][gc,cpu      ] GC(29) User=0.02s Sys=0.05s Real=0.06s
[2024-08-13T00:26:52.038+0900][gc,start    ] GC(30) Pause Young (Normal) (G1 Evacuation Pause)
[2024-08-13T00:26:52.041+0900][gc,task     ] GC(30) Using 8 workers of 8 for evacuation
[2024-08-13T00:26:52.176+0900][gc,mmu      ] GC(30) MMU target violated: 21.0ms (20.0ms/21.0ms)
[2024-08-13T00:26:52.176+0900][gc,phases   ] GC(30)   Pre Evacuate Collection Set: 6.9ms
[2024-08-13T00:26:52.176+0900][gc,phases   ] GC(30)   Merge Heap Roots: 4.4ms
[2024-08-13T00:26:52.176+0900][gc,phases   ] GC(30)   Evacuate Collection Set: 120.6ms
[2024-08-13T00:26:52.176+0900][gc,phases   ] GC(30)   Post Evacuate Collection Set: 1.6ms
[2024-08-13T00:26:52.177+0900][gc,phases   ] GC(30)   Other: 6.3ms
[2024-08-13T00:26:52.177+0900][gc,heap     ] GC(30) Eden regions: 47->0(44)
[2024-08-13T00:26:52.177+0900][gc,heap     ] GC(30) Survivor regions: 4->7(7)
[2024-08-13T00:26:52.177+0900][gc,heap     ] GC(30) Old regions: 55->55
[2024-08-13T00:26:52.177+0900][gc,heap     ] GC(30) Archive regions: 2->2
[2024-08-13T00:26:52.177+0900][gc,heap     ] GC(30) Humongous regions: 129->129
[2024-08-13T00:26:52.177+0900][gc,metaspace] GC(30) Metaspace: 39377K(39872K)->39377K(39872K) NonClass: 34917K(35200K)->34917K(35200K) Class: 4459K(4672K)->4459K(4672K)
[2024-08-13T00:26:52.177+0900][gc          ] GC(30) Pause Young (Normal) (G1 Evacuation Pause) 234M->191M(1024M) 138.971ms
[2024-08-13T00:26:52.177+0900][gc,cpu      ] GC(30) User=0.02s Sys=0.06s Real=0.14s
[2024-08-13T00:30:04.271+0900][gc,start    ] GC(31) Pause Young (Normal) (G1 Evacuation Pause)
[2024-08-13T00:30:04.272+0900][gc,task     ] GC(31) Using 8 workers of 8 for evacuation
[2024-08-13T00:30:04.372+0900][gc,mmu      ] GC(31) MMU target violated: 21.0ms (20.0ms/21.0ms)
[2024-08-13T00:30:04.374+0900][gc,phases   ] GC(31)   Pre Evacuate Collection Set: 5.0ms
[2024-08-13T00:30:04.374+0900][gc,phases   ] GC(31)   Merge Heap Roots: 0.8ms
[2024-08-13T00:30:04.374+0900][gc,phases   ] GC(31)   Evacuate Collection Set: 76.5ms
[2024-08-13T00:30:04.374+0900][gc,phases   ] GC(31)   Post Evacuate Collection Set: 13.7ms
[2024-08-13T00:30:04.375+0900][gc,phases   ] GC(31)   Other: 8.4ms
[2024-08-13T00:30:04.377+0900][gc,heap     ] GC(31) Eden regions: 44->0(47)
[2024-08-13T00:30:04.377+0900][gc,heap     ] GC(31) Survivor regions: 7->4(7)
[2024-08-13T00:30:04.377+0900][gc,heap     ] GC(31) Old regions: 55->60
[2024-08-13T00:30:04.377+0900][gc,heap     ] GC(31) Archive regions: 2->2
[2024-08-13T00:30:04.377+0900][gc,heap     ] GC(31) Humongous regions: 129->129
[2024-08-13T00:30:04.379+0900][gc,metaspace] GC(31) Metaspace: 39378K(39872K)->39378K(39872K) NonClass: 34918K(35200K)->34918K(35200K) Class: 4459K(4672K)->4459K(4672K)
[2024-08-13T00:30:04.379+0900][gc          ] GC(31) Pause Young (Normal) (G1 Evacuation Pause) 235M->193M(1024M) 108.632ms
[2024-08-13T00:30:04.379+0900][gc,cpu      ] GC(31) User=0.03s Sys=0.08s Real=0.10s
[2024-08-13T00:33:27.823+0900][gc,start    ] GC(32) Pause Young (Normal) (G1 Evacuation Pause)
[2024-08-13T00:33:27.826+0900][gc,task     ] GC(32) Using 8 workers of 8 for evacuation
[2024-08-13T00:33:27.861+0900][gc,mmu      ] GC(32) MMU target violated: 21.0ms (20.0ms/21.0ms)
[2024-08-13T00:33:27.861+0900][gc,phases   ] GC(32)   Pre Evacuate Collection Set: 5.5ms
[2024-08-13T00:33:27.861+0900][gc,phases   ] GC(32)   Merge Heap Roots: 0.6ms
[2024-08-13T00:33:27.861+0900][gc,phases   ] GC(32)   Evacuate Collection Set: 26.7ms
[2024-08-13T00:33:27.861+0900][gc,phases   ] GC(32)   Post Evacuate Collection Set: 1.2ms
[2024-08-13T00:33:27.861+0900][gc,phases   ] GC(32)   Other: 6.4ms
[2024-08-13T00:33:27.861+0900][gc,heap     ] GC(32) Eden regions: 47->0(45)
[2024-08-13T00:33:27.861+0900][gc,heap     ] GC(32) Survivor regions: 4->6(7)
[2024-08-13T00:33:27.861+0900][gc,heap     ] GC(32) Old regions: 60->60
[2024-08-13T00:33:27.861+0900][gc,heap     ] GC(32) Archive regions: 2->2
[2024-08-13T00:33:27.861+0900][gc,heap     ] GC(32) Humongous regions: 129->129
[2024-08-13T00:33:27.861+0900][gc,metaspace] GC(32) Metaspace: 39382K(39872K)->39382K(39872K) NonClass: 34922K(35200K)->34922K(35200K) Class: 4459K(4672K)->4459K(4672K)
[2024-08-13T00:33:27.861+0900][gc          ] GC(32) Pause Young (Normal) (G1 Evacuation Pause) 240M->194M(1024M) 38.740ms
[2024-08-13T00:33:27.861+0900][gc,cpu      ] GC(32) User=0.03s Sys=0.05s Real=0.04s
[2024-08-13T00:36:45.850+0900][gc,start    ] GC(33) Pause Young (Normal) (G1 Evacuation Pause)
[2024-08-13T00:36:45.852+0900][gc,task     ] GC(33) Using 8 workers of 8 for evacuation
[2024-08-13T00:36:45.982+0900][gc,mmu      ] GC(33) MMU target violated: 21.0ms (20.0ms/21.0ms)
[2024-08-13T00:36:45.984+0900][gc,phases   ] GC(33)   Pre Evacuate Collection Set: 6.1ms
[2024-08-13T00:36:45.984+0900][gc,phases   ] GC(33)   Merge Heap Roots: 0.8ms
[2024-08-13T00:36:45.984+0900][gc,phases   ] GC(33)   Evacuate Collection Set: 109.9ms
[2024-08-13T00:36:45.984+0900][gc,phases   ] GC(33)   Post Evacuate Collection Set: 10.8ms
[2024-08-13T00:36:45.985+0900][gc,phases   ] GC(33)   Other: 6.0ms
[2024-08-13T00:36:45.987+0900][gc,heap     ] GC(33) Eden regions: 45->0(44)
[2024-08-13T00:36:45.987+0900][gc,heap     ] GC(33) Survivor regions: 6->7(7)
[2024-08-13T00:36:45.987+0900][gc,heap     ] GC(33) Old regions: 60->62
[2024-08-13T00:36:45.987+0900][gc,heap     ] GC(33) Archive regions: 2->2
[2024-08-13T00:36:45.987+0900][gc,heap     ] GC(33) Humongous regions: 129->129
[2024-08-13T00:36:45.989+0900][gc,metaspace] GC(33) Metaspace: 39382K(39872K)->39382K(39872K) NonClass: 34922K(35200K)->34922K(35200K) Class: 4459K(4672K)->4459K(4672K)
[2024-08-13T00:36:45.990+0900][gc          ] GC(33) Pause Young (Normal) (G1 Evacuation Pause) 239M->198M(1024M) 138.994ms
[2024-08-13T00:36:45.990+0900][gc,cpu      ] GC(33) User=0.03s Sys=0.07s Real=0.14s
[2024-08-13T00:50:17.174+0900][gc,start    ] GC(34) Pause Young (Normal) (G1 Evacuation Pause)
[2024-08-13T00:50:17.177+0900][gc,task     ] GC(34) Using 8 workers of 8 for evacuation
[2024-08-13T00:50:17.308+0900][gc,mmu      ] GC(34) MMU target violated: 21.0ms (20.0ms/21.0ms)
[2024-08-13T00:50:17.309+0900][gc,phases   ] GC(34)   Pre Evacuate Collection Set: 8.7ms
[2024-08-13T00:50:17.309+0900][gc,phases   ] GC(34)   Merge Heap Roots: 8.6ms
[2024-08-13T00:50:17.309+0900][gc,phases   ] GC(34)   Evacuate Collection Set: 105.8ms
[2024-08-13T00:50:17.309+0900][gc,phases   ] GC(34)   Post Evacuate Collection Set: 4.9ms
[2024-08-13T00:50:17.310+0900][gc,phases   ] GC(34)   Other: 12.9ms
[2024-08-13T00:50:17.310+0900][gc,heap     ] GC(34) Eden regions: 44->0(48)
[2024-08-13T00:50:17.310+0900][gc,heap     ] GC(34) Survivor regions: 7->3(7)
[2024-08-13T00:50:17.310+0900][gc,heap     ] GC(34) Old regions: 62->67
[2024-08-13T00:50:17.310+0900][gc,heap     ] GC(34) Archive regions: 2->2
[2024-08-13T00:50:17.310+0900][gc,heap     ] GC(34) Humongous regions: 129->129
[2024-08-13T00:50:17.311+0900][gc,metaspace] GC(34) Metaspace: 39388K(39872K)->39388K(39872K) NonClass: 34928K(35200K)->34928K(35200K) Class: 4459K(4672K)->4459K(4672K)
[2024-08-13T00:50:17.312+0900][gc          ] GC(34) Pause Young (Normal) (G1 Evacuation Pause) 242M->199M(1024M) 140.478ms
[2024-08-13T00:50:17.312+0900][gc,cpu      ] GC(34) User=0.03s Sys=0.04s Real=0.14s
[2024-08-13T00:53:47.406+0900][gc,start    ] GC(35) Pause Young (Normal) (G1 Evacuation Pause)
[2024-08-13T00:53:47.414+0900][gc,task     ] GC(35) Using 8 workers of 8 for evacuation
[2024-08-13T00:53:47.504+0900][gc,mmu      ] GC(35) MMU target violated: 21.0ms (20.0ms/21.0ms)
[2024-08-13T00:53:47.505+0900][gc,phases   ] GC(35)   Pre Evacuate Collection Set: 5.3ms
[2024-08-13T00:53:47.505+0900][gc,phases   ] GC(35)   Merge Heap Roots: 1.6ms
[2024-08-13T00:53:47.505+0900][gc,phases   ] GC(35)   Evacuate Collection Set: 72.8ms
[2024-08-13T00:53:47.505+0900][gc,phases   ] GC(35)   Post Evacuate Collection Set: 7.2ms
[2024-08-13T00:53:47.505+0900][gc,phases   ] GC(35)   Other: 14.0ms
[2024-08-13T00:53:47.506+0900][gc,heap     ] GC(35) Eden regions: 48->0(44)
[2024-08-13T00:53:47.506+0900][gc,heap     ] GC(35) Survivor regions: 3->7(7)
[2024-08-13T00:53:47.506+0900][gc,heap     ] GC(35) Old regions: 67->67
[2024-08-13T00:53:47.506+0900][gc,heap     ] GC(35) Archive regions: 2->2
[2024-08-13T00:53:47.506+0900][gc,heap     ] GC(35) Humongous regions: 129->129
[2024-08-13T00:53:47.506+0900][gc,metaspace] GC(35) Metaspace: 39389K(39872K)->39389K(39872K) NonClass: 34929K(35200K)->34929K(35200K) Class: 4459K(4672K)->4459K(4672K)
[2024-08-13T00:53:47.507+0900][gc          ] GC(35) Pause Young (Normal) (G1 Evacuation Pause) 247M->203M(1024M) 101.152ms
[2024-08-13T00:53:47.507+0900][gc,cpu      ] GC(35) User=0.03s Sys=0.07s Real=0.10s
[2024-08-13T00:56:58.929+0900][gc,start    ] GC(36) Pause Young (Normal) (G1 Evacuation Pause)
[2024-08-13T00:56:58.931+0900][gc,task     ] GC(36) Using 8 workers of 8 for evacuation
[2024-08-13T00:56:59.000+0900][gc,mmu      ] GC(36) MMU target violated: 21.0ms (20.0ms/21.0ms)
[2024-08-13T00:56:59.001+0900][gc,phases   ] GC(36)   Pre Evacuate Collection Set: 3.3ms
[2024-08-13T00:56:59.001+0900][gc,phases   ] GC(36)   Merge Heap Roots: 1.1ms
[2024-08-13T00:56:59.001+0900][gc,phases   ] GC(36)   Evacuate Collection Set: 59.2ms
[2024-08-13T00:56:59.001+0900][gc,phases   ] GC(36)   Post Evacuate Collection Set: 3.2ms
[2024-08-13T00:56:59.001+0900][gc,phases   ] GC(36)   Other: 6.7ms
[2024-08-13T00:56:59.001+0900][gc,heap     ] GC(36) Eden regions: 44->0(47)
[2024-08-13T00:56:59.001+0900][gc,heap     ] GC(36) Survivor regions: 7->4(7)
[2024-08-13T00:56:59.001+0900][gc,heap     ] GC(36) Old regions: 67->72
[2024-08-13T00:56:59.001+0900][gc,heap     ] GC(36) Archive regions: 2->2
[2024-08-13T00:56:59.001+0900][gc,heap     ] GC(36) Humongous regions: 129->129
[2024-08-13T00:56:59.002+0900][gc,metaspace] GC(36) Metaspace: 39391K(39872K)->39391K(39872K) NonClass: 34931K(35200K)->34931K(35200K) Class: 4459K(4672K)->4459K(4672K)
[2024-08-13T00:56:59.002+0900][gc          ] GC(36) Pause Young (Normal) (G1 Evacuation Pause) 247M->204M(1024M) 73.257ms
[2024-08-13T00:56:59.002+0900][gc,cpu      ] GC(36) User=0.03s Sys=0.06s Real=0.08s
[2024-08-13T01:00:24.497+0900][gc,start    ] GC(37) Pause Young (Normal) (G1 Evacuation Pause)
[2024-08-13T01:00:24.499+0900][gc,task     ] GC(37) Using 8 workers of 8 for evacuation
[2024-08-13T01:00:24.608+0900][gc,mmu      ] GC(37) MMU target violated: 21.0ms (20.0ms/21.0ms)
[2024-08-13T01:00:24.609+0900][gc,phases   ] GC(37)   Pre Evacuate Collection Set: 5.1ms
[2024-08-13T01:00:24.609+0900][gc,phases   ] GC(37)   Merge Heap Roots: 1.2ms
[2024-08-13T01:00:24.609+0900][gc,phases   ] GC(37)   Evacuate Collection Set: 95.4ms
[2024-08-13T01:00:24.609+0900][gc,phases   ] GC(37)   Post Evacuate Collection Set: 6.2ms
[2024-08-13T01:00:24.610+0900][gc,phases   ] GC(37)   Other: 6.9ms
[2024-08-13T01:00:24.610+0900][gc,heap     ] GC(37) Eden regions: 47->0(44)
[2024-08-13T01:00:24.610+0900][gc,heap     ] GC(37) Survivor regions: 4->7(7)
[2024-08-13T01:00:24.610+0900][gc,heap     ] GC(37) Old regions: 72->72
[2024-08-13T01:00:24.610+0900][gc,heap     ] GC(37) Archive regions: 2->2
[2024-08-13T01:00:24.610+0900][gc,heap     ] GC(37) Humongous regions: 129->129
[2024-08-13T01:00:24.611+0900][gc,metaspace] GC(37) Metaspace: 39395K(39872K)->39395K(39872K) NonClass: 34935K(35200K)->34935K(35200K) Class: 4459K(4672K)->4459K(4672K)
[2024-08-13T01:00:24.611+0900][gc          ] GC(37) Pause Young (Normal) (G1 Evacuation Pause) 251M->208M(1024M) 114.846ms
[2024-08-13T01:00:24.612+0900][gc,cpu      ] GC(37) User=0.03s Sys=0.09s Real=0.12s
[2024-08-13T01:03:34.812+0900][gc,start    ] GC(38) Pause Young (Normal) (G1 Evacuation Pause)
[2024-08-13T01:03:34.815+0900][gc,task     ] GC(38) Using 8 workers of 8 for evacuation
[2024-08-13T01:03:34.886+0900][gc,mmu      ] GC(38) MMU target violated: 21.0ms (20.0ms/21.0ms)
[2024-08-13T01:03:34.886+0900][gc,phases   ] GC(38)   Pre Evacuate Collection Set: 4.1ms
[2024-08-13T01:03:34.886+0900][gc,phases   ] GC(38)   Merge Heap Roots: 0.5ms
[2024-08-13T01:03:34.886+0900][gc,phases   ] GC(38)   Evacuate Collection Set: 62.4ms
[2024-08-13T01:03:34.886+0900][gc,phases   ] GC(38)   Post Evacuate Collection Set: 3.0ms
[2024-08-13T01:03:34.886+0900][gc,phases   ] GC(38)   Other: 4.6ms
[2024-08-13T01:03:34.887+0900][gc,heap     ] GC(38) Eden regions: 44->0(47)
[2024-08-13T01:03:34.887+0900][gc,heap     ] GC(38) Survivor regions: 7->4(7)
[2024-08-13T01:03:34.887+0900][gc,heap     ] GC(38) Old regions: 72->77
[2024-08-13T01:03:34.887+0900][gc,heap     ] GC(38) Archive regions: 2->2
[2024-08-13T01:03:34.887+0900][gc,heap     ] GC(38) Humongous regions: 129->129
[2024-08-13T01:03:34.887+0900][gc,metaspace] GC(38) Metaspace: 39396K(39872K)->39396K(39872K) NonClass: 34936K(35200K)->34936K(35200K) Class: 4459K(4672K)->4459K(4672K)
[2024-08-13T01:03:34.887+0900][gc          ] GC(38) Pause Young (Normal) (G1 Evacuation Pause) 252M->210M(1024M) 75.345ms
[2024-08-13T01:03:34.887+0900][gc,cpu      ] GC(38) User=0.04s Sys=0.08s Real=0.07s
[2024-08-13T01:07:07.110+0900][gc,start    ] GC(39) Pause Young (Normal) (G1 Evacuation Pause)
[2024-08-13T01:07:07.112+0900][gc,task     ] GC(39) Using 8 workers of 8 for evacuation
[2024-08-13T01:07:07.188+0900][gc,mmu      ] GC(39) MMU target violated: 21.0ms (20.0ms/21.0ms)
[2024-08-13T01:07:07.188+0900][gc,phases   ] GC(39)   Pre Evacuate Collection Set: 4.2ms
[2024-08-13T01:07:07.188+0900][gc,phases   ] GC(39)   Merge Heap Roots: 1.1ms
[2024-08-13T01:07:07.188+0900][gc,phases   ] GC(39)   Evacuate Collection Set: 67.5ms
[2024-08-13T01:07:07.188+0900][gc,phases   ] GC(39)   Post Evacuate Collection Set: 1.0ms
[2024-08-13T01:07:07.188+0900][gc,phases   ] GC(39)   Other: 5.1ms
[2024-08-13T01:07:07.188+0900][gc,heap     ] GC(39) Eden regions: 47->0(44)
[2024-08-13T01:07:07.188+0900][gc,heap     ] GC(39) Survivor regions: 4->7(7)
[2024-08-13T01:07:07.188+0900][gc,heap     ] GC(39) Old regions: 77->77
[2024-08-13T01:07:07.188+0900][gc,heap     ] GC(39) Archive regions: 2->2
[2024-08-13T01:07:07.188+0900][gc,heap     ] GC(39) Humongous regions: 129->129
[2024-08-13T01:07:07.188+0900][gc,metaspace] GC(39) Metaspace: 39440K(39936K)->39440K(39936K) NonClass: 34973K(35264K)->34973K(35264K) Class: 4466K(4672K)->4466K(4672K)
[2024-08-13T01:07:07.188+0900][gc          ] GC(39) Pause Young (Normal) (G1 Evacuation Pause) 257M->213M(1024M) 77.862ms
[2024-08-13T01:07:07.188+0900][gc,cpu      ] GC(39) User=0.04s Sys=0.10s Real=0.07s
[2024-08-13T01:10:29.502+0900][gc,start    ] GC(40) Pause Young (Normal) (G1 Evacuation Pause)
[2024-08-13T01:10:29.504+0900][gc,task     ] GC(40) Using 8 workers of 8 for evacuation
[2024-08-13T01:10:29.606+0900][gc,mmu      ] GC(40) MMU target violated: 21.0ms (20.0ms/21.0ms)
[2024-08-13T01:10:29.606+0900][gc,phases   ] GC(40)   Pre Evacuate Collection Set: 5.7ms
[2024-08-13T01:10:29.606+0900][gc,phases   ] GC(40)   Merge Heap Roots: 1.7ms
[2024-08-13T01:10:29.606+0900][gc,phases   ] GC(40)   Evacuate Collection Set: 87.8ms
[2024-08-13T01:10:29.606+0900][gc,phases   ] GC(40)   Post Evacuate Collection Set: 4.7ms
[2024-08-13T01:10:29.607+0900][gc,phases   ] GC(40)   Other: 6.1ms
[2024-08-13T01:10:29.607+0900][gc,heap     ] GC(40) Eden regions: 44->0(47)
[2024-08-13T01:10:29.607+0900][gc,heap     ] GC(40) Survivor regions: 7->4(7)
[2024-08-13T01:10:29.607+0900][gc,heap     ] GC(40) Old regions: 77->82
[2024-08-13T01:10:29.607+0900][gc,heap     ] GC(40) Archive regions: 2->2
[2024-08-13T01:10:29.607+0900][gc,heap     ] GC(40) Humongous regions: 129->129
[2024-08-13T01:10:29.608+0900][gc,metaspace] GC(40) Metaspace: 39564K(40128K)->39564K(40128K) NonClass: 35069K(35392K)->35069K(35392K) Class: 4495K(4736K)->4495K(4736K)
[2024-08-13T01:10:29.609+0900][gc          ] GC(40) Pause Young (Normal) (G1 Evacuation Pause) 257M->214M(1024M) 106.558ms
[2024-08-13T01:10:29.609+0900][gc,cpu      ] GC(40) User=0.03s Sys=0.07s Real=0.10s
[2024-08-13T01:13:52.867+0900][gc,start    ] GC(41) Pause Young (Normal) (G1 Evacuation Pause)
[2024-08-13T01:13:52.869+0900][gc,task     ] GC(41) Using 8 workers of 8 for evacuation
[2024-08-13T01:13:53.173+0900][gc,mmu      ] GC(41) MMU target violated: 21.0ms (20.0ms/21.0ms)
[2024-08-13T01:13:53.173+0900][gc,phases   ] GC(41)   Pre Evacuate Collection Set: 5.8ms
[2024-08-13T01:13:53.173+0900][gc,phases   ] GC(41)   Merge Heap Roots: 2.3ms
[2024-08-13T01:13:53.173+0900][gc,phases   ] GC(41)   Evacuate Collection Set: 284.2ms
[2024-08-13T01:13:53.174+0900][gc,phases   ] GC(41)   Post Evacuate Collection Set: 6.7ms
[2024-08-13T01:13:53.174+0900][gc,phases   ] GC(41)   Other: 8.1ms
[2024-08-13T01:13:53.174+0900][gc,heap     ] GC(41) Eden regions: 47->0(44)
[2024-08-13T01:13:53.174+0900][gc,heap     ] GC(41) Survivor regions: 4->7(7)
[2024-08-13T01:13:53.174+0900][gc,heap     ] GC(41) Old regions: 82->82
[2024-08-13T01:13:53.174+0900][gc,heap     ] GC(41) Archive regions: 2->2
[2024-08-13T01:13:53.174+0900][gc,heap     ] GC(41) Humongous regions: 129->129
[2024-08-13T01:13:53.174+0900][gc,metaspace] GC(41) Metaspace: 39585K(40128K)->39585K(40128K) NonClass: 35084K(35392K)->35084K(35392K) Class: 4500K(4736K)->4500K(4736K)
[2024-08-13T01:13:53.174+0900][gc          ] GC(41) Pause Young (Normal) (G1 Evacuation Pause) 261M->218M(1024M) 306.392ms
[2024-08-13T01:13:53.174+0900][gc,cpu      ] GC(41) User=0.03s Sys=0.08s Real=0.31s
[2024-08-13T01:17:04.916+0900][gc,start    ] GC(42) Pause Young (Normal) (G1 Evacuation Pause)
[2024-08-13T01:17:04.921+0900][gc,task     ] GC(42) Using 8 workers of 8 for evacuation
[2024-08-13T01:17:05.148+0900][gc,mmu      ] GC(42) MMU target violated: 21.0ms (20.0ms/21.0ms)
[2024-08-13T01:17:05.150+0900][gc,phases   ] GC(42)   Pre Evacuate Collection Set: 15.2ms
[2024-08-13T01:17:05.150+0900][gc,phases   ] GC(42)   Merge Heap Roots: 5.4ms
[2024-08-13T01:17:05.150+0900][gc,phases   ] GC(42)   Evacuate Collection Set: 192.3ms
[2024-08-13T01:17:05.150+0900][gc,phases   ] GC(42)   Post Evacuate Collection Set: 9.3ms
[2024-08-13T01:17:05.151+0900][gc,phases   ] GC(42)   Other: 18.5ms
[2024-08-13T01:17:05.151+0900][gc,heap     ] GC(42) Eden regions: 44->0(47)
[2024-08-13T01:17:05.151+0900][gc,heap     ] GC(42) Survivor regions: 7->4(7)
[2024-08-13T01:17:05.151+0900][gc,heap     ] GC(42) Old regions: 82->87
[2024-08-13T01:17:05.152+0900][gc,heap     ] GC(42) Archive regions: 2->2
[2024-08-13T01:17:05.152+0900][gc,heap     ] GC(42) Humongous regions: 129->129
[2024-08-13T01:17:05.152+0900][gc,metaspace] GC(42) Metaspace: 39649K(40192K)->39649K(40192K) NonClass: 35141K(35456K)->35141K(35456K) Class: 4508K(4736K)->4508K(4736K)
[2024-08-13T01:17:05.153+0900][gc          ] GC(42) Pause Young (Normal) (G1 Evacuation Pause) 262M->219M(1024M) 237.852ms
[2024-08-13T01:17:05.153+0900][gc,cpu      ] GC(42) User=0.04s Sys=0.09s Real=0.24s
