[2024-08-12T22:09:41.540+0900][gc] Using G1
[2024-08-12T22:09:41.543+0900][gc,init] Version: 17.0.8.1+1 (release)
[2024-08-12T22:09:41.543+0900][gc,init] CPUs: 8 total, 8 available
[2024-08-12T22:09:41.543+0900][gc,init] Memory: 8192M
[2024-08-12T22:09:41.543+0900][gc,init] Large Page Support: Disabled
[2024-08-12T22:09:41.543+0900][gc,init] NUMA Support: Disabled
[2024-08-12T22:09:41.543+0900][gc,init] Compressed Oops: Enabled (Zero based)
[2024-08-12T22:09:41.543+0900][gc,init] Heap Region Size: 1M
[2024-08-12T22:09:41.543+0900][gc,init] Heap Min Capacity: 512M
[2024-08-12T22:09:41.543+0900][gc,init] Heap Initial Capacity: 512M
[2024-08-12T22:09:41.543+0900][gc,init] Heap Max Capacity: 512M
[2024-08-12T22:09:41.543+0900][gc,init] Pre-touch: Disabled
[2024-08-12T22:09:41.543+0900][gc,init] Parallel Workers: 8
[2024-08-12T22:09:41.543+0900][gc,init] Concurrent Workers: 2
[2024-08-12T22:09:41.543+0900][gc,init] Concurrent Refinement Workers: 8
[2024-08-12T22:09:41.543+0900][gc,init] Periodic GC: Disabled
[2024-08-12T22:09:41.547+0900][gc,metaspace] CDS archive(s) mapped at: [0x000000012a000000-0x000000012abdf000-0x000000012abdf000), size 12447744, SharedBaseAddress: 0x000000012a000000, ArchiveRelocationMode: 1.
[2024-08-12T22:09:41.547+0900][gc,metaspace] Compressed class space mapped at: 0x000000012b000000-0x000000016b000000, reserved size: 1073741824
[2024-08-12T22:09:41.547+0900][gc,metaspace] Narrow klass base: 0x000000012a000000, Narrow klass shift: 0, Narrow klass range: 0x100000000
[2024-08-12T22:11:41.777+0900][gc,start    ] GC(0) Pause Young (Normal) (G1 Evacuation Pause)
[2024-08-12T22:11:41.778+0900][gc,task     ] GC(0) Using 8 workers of 8 for evacuation
[2024-08-12T22:11:41.792+0900][gc,phases   ] GC(0)   Pre Evacuate Collection Set: 0.1ms
[2024-08-12T22:11:41.792+0900][gc,phases   ] GC(0)   Merge Heap Roots: 0.3ms
[2024-08-12T22:11:41.792+0900][gc,phases   ] GC(0)   Evacuate Collection Set: 12.5ms
[2024-08-12T22:11:41.792+0900][gc,phases   ] GC(0)   Post Evacuate Collection Set: 0.4ms
[2024-08-12T22:11:41.792+0900][gc,phases   ] GC(0)   Other: 1.5ms
[2024-08-12T22:11:41.792+0900][gc,heap     ] GC(0) Eden regions: 25->0(21)
[2024-08-12T22:11:41.792+0900][gc,heap     ] GC(0) Survivor regions: 0->4(4)
[2024-08-12T22:11:41.792+0900][gc,heap     ] GC(0) Old regions: 0->2
[2024-08-12T22:11:41.792+0900][gc,heap     ] GC(0) Archive regions: 2->2
[2024-08-12T22:11:41.792+0900][gc,heap     ] GC(0) Humongous regions: 0->0
[2024-08-12T22:11:41.792+0900][gc,metaspace] GC(0) Metaspace: 7250K(7424K)->7250K(7424K) NonClass: 6424K(6528K)->6424K(6528K) Class: 825K(896K)->825K(896K)
[2024-08-12T22:11:41.792+0900][gc          ] GC(0) Pause Young (Normal) (G1 Evacuation Pause) 25M->6M(512M) 14.690ms
[2024-08-12T22:11:41.792+0900][gc,cpu      ] GC(0) User=0.01s Sys=0.02s Real=0.02s
